// Jest Snapshot v1, https://goo.gl/fbAQLP

exports[`should match snapshot 1`] = `
<div
  className="display"
>
  <div
    className="display-expression"
  >
    4+5
  </div>
  <div
    className="display-result"
  >
    9
  </div>
</div>
`;
